Federate 1: FATAL ERROR: Expected 3 and got 5.
Federate 1: WARNING: ---- There are 2 unprocessed future events on the event queue.
Federate 1: WARNING: ---- The first future event has timestamp 911819 after start time.
Federate 1: WARNING: Memory allocated for messages has not been freed.
Federate 1: WARNING: Number of unfreed messages: 2.
Federate 0: WARNING: Socket is no longer connected. Dropping message.
Federate 0: WARNING: Socket is no longer connected. Dropping message.
Federate 0: WARNING: Socket is no longer connected. Dropping message.
Federate 0: WARNING: Socket is no longer connected. Dropping message.
Federate 0: WARNING: Socket is no longer connected. Dropping message.
Federate 0: WARNING: Socket is no longer connected. Dropping message.
Federate 0: WARNING: Socket is no longer connected. Dropping message.
Federate 0: WARNING: Socket is no longer connected. Dropping message.
Federate 0: WARNING: Socket is no longer connected. Dropping message.
Federate 0: WARNING: Socket is no longer connected. Dropping message.
Federate 0: WARNING: Socket is no longer connected. Dropping message.
Federate 0: WARNING: Socket is no longer connected. Dropping message.
Federate 0: WARNING: Socket is no longer connected. Dropping message.
Federate 0: WARNING: Socket is no longer connected. Dropping message.
Federate 0: WARNING: Socket is no longer connected. Dropping message.
Federate 0: WARNING: Socket is no longer connected. Dropping message.
Federate 0: WARNING: Socket is no longer connected. Dropping message.
Federate 0: WARNING: Socket is no longer connected. Dropping message.
Federate 0: WARNING: Socket is no longer connected. Dropping message.
Federate 0: WARNING: Socket is no longer connected. Dropping message.
Federate 0: WARNING: Socket is no longer connected. Dropping message.
Federate 0: WARNING: Socket is no longer connected. Dropping message.
Federate 0: WARNING: Socket is no longer connected. Dropping message.
Federate 0: WARNING: Socket is no longer connected. Dropping message.
Federate 0: WARNING: Socket is no longer connected. Dropping message.
Federate 0: WARNING: Socket is no longer connected. Dropping message.
Federate 0: WARNING: Socket is no longer connected. Dropping message.
Federate 0: WARNING: Socket is no longer connected. Dropping message.
Federate 0: WARNING: Socket is no longer connected. Dropping message.
Federate 0: WARNING: Socket is no longer connected. Dropping message.
Federate 0: WARNING: Socket is no longer connected. Dropping message.
Federate 0: WARNING: Socket is no longer connected. Dropping message.
Federate 0: WARNING: Socket is no longer connected. Dropping message.
Federate 0: WARNING: Socket is no longer connected. Dropping message.
Federate 0: WARNING: Socket is no longer connected. Dropping message.
Federate 0: WARNING: Socket is no longer connected. Dropping message.
Federate 0: WARNING: Socket is no longer connected. Dropping message.
Federate 0: WARNING: Socket is no longer connected. Dropping message.
Federate 0: WARNING: Socket is no longer connected. Dropping message.
Federate 0: WARNING: Socket is no longer connected. Dropping message.
Federate 0: WARNING: Socket is no longer connected. Dropping message.
Federate 0: WARNING: Socket is no longer connected. Dropping message.
Federate 0: WARNING: Socket is no longer connected. Dropping message.
Federate 0: WARNING: Socket is no longer connected. Dropping message.
Federate 0: WARNING: Socket is no longer connected. Dropping message.
Federate 0: WARNING: Socket is no longer connected. Dropping message.
Federate 0: WARNING: Socket is no longer connected. Dropping message.
Federate 0: WARNING: Socket is no longer connected. Dropping message.
Federate 0: WARNING: Socket is no longer connected. Dropping message.
Federate 0: WARNING: Socket is no longer connected. Dropping message.
Federate 0: WARNING: Socket is no longer connected. Dropping message.
Federate 0: WARNING: Socket is no longer connected. Dropping message.
Federate 0: WARNING: Socket is no longer connected. Dropping message.
Federate 0: WARNING: Socket is no longer connected. Dropping message.
Federate 0: WARNING: Socket is no longer connected. Dropping message.
Federate 0: WARNING: Socket is no longer connected. Dropping message.
Federate 0: WARNING: Socket is no longer connected. Dropping message.
Federate 0: WARNING: Socket is no longer connected. Dropping message.
Federate 0: WARNING: Socket is no longer connected. Dropping message.
Federate 0: WARNING: Socket is no longer connected. Dropping message.
Federate 0: WARNING: Socket is no longer connected. Dropping message.
Federate 0: WARNING: Socket is no longer connected. Dropping message.
Federate 0: WARNING: Socket is no longer connected. Dropping message.
Federate 0: WARNING: Socket is no longer connected. Dropping message.
Federate 0: WARNING: Socket is no longer connected. Dropping message.
Federate 0: WARNING: Socket is no longer connected. Dropping message.
Federate 0: WARNING: Socket is no longer connected. Dropping message.
Federate 0: WARNING: Socket is no longer connected. Dropping message.
Federate 0: WARNING: Socket is no longer connected. Dropping message.
Federate 0: WARNING: Socket is no longer connected. Dropping message.
Federate 0: WARNING: Socket is no longer connected. Dropping message.
Federate 0: WARNING: Socket is no longer connected. Dropping message.
Federate 0: WARNING: Socket is no longer connected. Dropping message.
Federate 0: WARNING: Socket is no longer connected. Dropping message.
Federate 0: WARNING: Socket is no longer connected. Dropping message.
Federate 0: WARNING: Socket is no longer connected. Dropping message.
Federate 0: WARNING: Socket is no longer connected. Dropping message.
Federate 0: WARNING: Socket is no longer connected. Dropping message.
Federate 0: WARNING: Socket is no longer connected. Dropping message.
Federate 0: WARNING: Socket is no longer connected. Dropping message.
Federate 0: WARNING: Socket is no longer connected. Dropping message.
Federate 0: WARNING: Socket is no longer connected. Dropping message.
Federate 0: WARNING: Socket is no longer connected. Dropping message.
Federate 0: WARNING: Socket is no longer connected. Dropping message.
Federate 0: WARNING: Socket is no longer connected. Dropping message.
Federate 0: WARNING: Socket is no longer connected. Dropping message.
Federate 0: WARNING: Socket is no longer connected. Dropping message.
Federate 0: WARNING: Socket is no longer connected. Dropping message.
Federate 0: WARNING: Socket is no longer connected. Dropping message.
Federate 0: WARNING: Socket is no longer connected. Dropping message.
Federate 0: WARNING: Socket is no longer connected. Dropping message.
Federate 0: WARNING: Socket is no longer connected. Dropping message.
Federate 0: WARNING: Socket is no longer connected. Dropping message.
Federate 0: WARNING: Socket is no longer connected. Dropping message.
Federate 0: WARNING: Socket is no longer connected. Dropping message.
Federate 0: WARNING: Socket is no longer connected. Dropping message.
bin/DecentralizedP2PUnbalancedTimeoutPhysical: line 18: kill: (2464691) - No such process
bin/DecentralizedP2PUnbalancedTimeoutPhysical: line 18: kill: (2464692) - No such process
bin/DecentralizedP2PUnbalancedTimeoutPhysical: line 20: kill: (2464689) - No such process
