Federate 1: FATAL ERROR: Expected 5 and got 4.
Federate 0: WARNING: Socket is no longer connected. Dropping message.
Federate 0: WARNING: Socket is no longer connected. Dropping message.
Federate 0: WARNING: Socket is no longer connected. Dropping message.
Federate 0: WARNING: Socket is no longer connected. Dropping message.
Federate 0: WARNING: Socket is no longer connected. Dropping message.
Federate 0: WARNING: Socket is no longer connected. Dropping message.
Federate 0: WARNING: Socket is no longer connected. Dropping message.
Federate 0: WARNING: Socket is no longer connected. Dropping message.
Federate 0: WARNING: Socket is no longer connected. Dropping message.
Federate 0: WARNING: Socket is no longer connected. Dropping message.
Federate 0: WARNING: Socket is no longer connected. Dropping message.
Federate 0: WARNING: Socket is no longer connected. Dropping message.
Federate 0: WARNING: Socket is no longer connected. Dropping message.
Federate 0: WARNING: Socket is no longer connected. Dropping message.
Federate 0: WARNING: Socket is no longer connected. Dropping message.
Federate 0: WARNING: Socket is no longer connected. Dropping message.
Federate 0: WARNING: Socket is no longer connected. Dropping message.
Federate 0: WARNING: Socket is no longer connected. Dropping message.
Federate 0: WARNING: Socket is no longer connected. Dropping message.
Federate 0: WARNING: Socket is no longer connected. Dropping message.
Federate 0: WARNING: Socket is no longer connected. Dropping message.
Federate 0: WARNING: Socket is no longer connected. Dropping message.
Federate 0: WARNING: Socket is no longer connected. Dropping message.
Federate 0: WARNING: Socket is no longer connected. Dropping message.
Federate 0: WARNING: Socket is no longer connected. Dropping message.
Federate 0: WARNING: Socket is no longer connected. Dropping message.
Federate 0: WARNING: Socket is no longer connected. Dropping message.
Federate 0: WARNING: Socket is no longer connected. Dropping message.
Federate 0: WARNING: Socket is no longer connected. Dropping message.
Federate 0: WARNING: Socket is no longer connected. Dropping message.
Federate 0: WARNING: Socket is no longer connected. Dropping message.
Federate 0: WARNING: Socket is no longer connected. Dropping message.
Federate 0: WARNING: Socket is no longer connected. Dropping message.
Federate 0: WARNING: Socket is no longer connected. Dropping message.
Federate 0: WARNING: Socket is no longer connected. Dropping message.
Federate 0: WARNING: Socket is no longer connected. Dropping message.
Federate 0: WARNING: Socket is no longer connected. Dropping message.
Federate 0: WARNING: Socket is no longer connected. Dropping message.
Federate 0: WARNING: Socket is no longer connected. Dropping message.
Federate 0: WARNING: Socket is no longer connected. Dropping message.
Federate 0: WARNING: Socket is no longer connected. Dropping message.
Federate 0: WARNING: Socket is no longer connected. Dropping message.
Federate 0: WARNING: Socket is no longer connected. Dropping message.
Federate 0: WARNING: Socket is no longer connected. Dropping message.
Federate 0: WARNING: Socket is no longer connected. Dropping message.
Federate 0: WARNING: Socket is no longer connected. Dropping message.
Federate 0: WARNING: Socket is no longer connected. Dropping message.
Federate 0: WARNING: Socket is no longer connected. Dropping message.
Federate 0: WARNING: Socket is no longer connected. Dropping message.
Federate 0: WARNING: Socket is no longer connected. Dropping message.
Federate 0: WARNING: Socket is no longer connected. Dropping message.
Federate 0: WARNING: Socket is no longer connected. Dropping message.
Federate 0: WARNING: Socket is no longer connected. Dropping message.
Federate 0: WARNING: Socket is no longer connected. Dropping message.
Federate 0: WARNING: Socket is no longer connected. Dropping message.
Federate 0: WARNING: Socket is no longer connected. Dropping message.
Federate 0: WARNING: Socket is no longer connected. Dropping message.
Federate 0: WARNING: Socket is no longer connected. Dropping message.
Federate 0: WARNING: Socket is no longer connected. Dropping message.
Federate 0: WARNING: Socket is no longer connected. Dropping message.
Federate 0: WARNING: Socket is no longer connected. Dropping message.
Federate 0: WARNING: Socket is no longer connected. Dropping message.
Federate 0: WARNING: Socket is no longer connected. Dropping message.
Federate 0: WARNING: Socket is no longer connected. Dropping message.
Federate 0: WARNING: Socket is no longer connected. Dropping message.
Federate 0: WARNING: Socket is no longer connected. Dropping message.
Federate 0: WARNING: Socket is no longer connected. Dropping message.
Federate 0: WARNING: Socket is no longer connected. Dropping message.
Federate 0: WARNING: Socket is no longer connected. Dropping message.
Federate 0: WARNING: Socket is no longer connected. Dropping message.
Federate 0: WARNING: Socket is no longer connected. Dropping message.
Federate 0: WARNING: Socket is no longer connected. Dropping message.
Federate 0: WARNING: Socket is no longer connected. Dropping message.
Federate 0: WARNING: Socket is no longer connected. Dropping message.
Federate 0: WARNING: Socket is no longer connected. Dropping message.
Federate 0: WARNING: Socket is no longer connected. Dropping message.
Federate 0: WARNING: Socket is no longer connected. Dropping message.
Federate 0: WARNING: Socket is no longer connected. Dropping message.
Federate 0: WARNING: Socket is no longer connected. Dropping message.
Federate 0: WARNING: Socket is no longer connected. Dropping message.
Federate 0: WARNING: Socket is no longer connected. Dropping message.
Federate 0: WARNING: Socket is no longer connected. Dropping message.
Federate 0: WARNING: Socket is no longer connected. Dropping message.
Federate 0: WARNING: Socket is no longer connected. Dropping message.
Federate 0: WARNING: Socket is no longer connected. Dropping message.
Federate 0: WARNING: Socket is no longer connected. Dropping message.
Federate 0: WARNING: Socket is no longer connected. Dropping message.
Federate 0: WARNING: Socket is no longer connected. Dropping message.
Federate 0: WARNING: Socket is no longer connected. Dropping message.
Federate 0: WARNING: Socket is no longer connected. Dropping message.
Federate 0: WARNING: Socket is no longer connected. Dropping message.
Federate 0: WARNING: Socket is no longer connected. Dropping message.
Federate 0: WARNING: Socket is no longer connected. Dropping message.
bin/DecentralizedP2PUnbalancedTimeoutPhysical: line 18: kill: (2500787) - No such process
bin/DecentralizedP2PUnbalancedTimeoutPhysical: line 18: kill: (2500788) - No such process
bin/DecentralizedP2PUnbalancedTimeoutPhysical: line 20: kill: (2500784) - No such process
