Federate 1: FATAL ERROR: Test failed. Breaks: 1, Messages: 10.
bin/DistributedLoopedPhysicalAction: line 18: kill: (2492467) - No such process
bin/DistributedLoopedPhysicalAction: line 18: kill: (2492468) - No such process
bin/DistributedLoopedPhysicalAction: line 20: kill: (2492464) - No such process
