Federate 0: WARNING: Putting token 0x7f9684000d70 on the recycling bin, but it is already there!
Federate 0: WARNING: Putting token 0x7f9684000d70 on the recycling bin, but it is already there!
Federate 0: WARNING: Token being freed that has already been freed: 0x7f9684000d70
Federate 0: WARNING: Memory allocated for messages has not been freed.
Federate 0: WARNING: Number of unfreed messages: 2.
Federate 1: FATAL ERROR: Expected 2.
Federate 1: WARNING: ---- There are 10 unprocessed future events on the event queue.
Federate 1: WARNING: ---- The first future event has timestamp 40858539 after start time.
WARNING: RTI: Destination federate 1 is no longer connected. Dropping message.
WARNING: RTI: Destination federate 1 is no longer connected. Dropping message.
WARNING: RTI: Destination federate 1 is no longer connected. Dropping message.
WARNING: RTI: Destination federate 1 is no longer connected. Dropping message.
WARNING: RTI: Destination federate 1 is no longer connected. Dropping message.
WARNING: RTI: Destination federate 1 is no longer connected. Dropping message.
WARNING: RTI: Destination federate 1 is no longer connected. Dropping message.
WARNING: RTI: Destination federate 1 is no longer connected. Dropping message.
bin/DistributedPhysicalActionUpstreamLong: line 18: kill: (2500430) - No such process
bin/DistributedPhysicalActionUpstreamLong: line 18: kill: (2500431) - No such process
bin/DistributedPhysicalActionUpstreamLong: line 18: kill: (2500432) - No such process
bin/DistributedPhysicalActionUpstreamLong: line 18: kill: (2500433) - No such process
bin/DistributedPhysicalActionUpstreamLong: line 18: kill: (2500434) - No such process
bin/DistributedPhysicalActionUpstreamLong: line 18: kill: (2500435) - No such process
bin/DistributedPhysicalActionUpstreamLong: line 18: kill: (2500437) - No such process
bin/DistributedPhysicalActionUpstreamLong: line 18: kill: (2500439) - No such process
bin/DistributedPhysicalActionUpstreamLong: line 18: kill: (2500442) - No such process
bin/DistributedPhysicalActionUpstreamLong: line 18: kill: (2500443) - No such process
bin/DistributedPhysicalActionUpstreamLong: line 18: kill: (2500445) - No such process
bin/DistributedPhysicalActionUpstreamLong: line 18: kill: (2500447) - No such process
bin/DistributedPhysicalActionUpstreamLong: line 20: kill: (2500428) - No such process
