Federate 1: ERROR: STP violation occurred in a trigger to reaction 2, and there is no handler.
**** Invoking reaction at the wrong tag!
Federate 1: ERROR: STP violation occurred in a trigger to reaction 1, and there is no handler.
**** Invoking reaction at the wrong tag!
Federate 1: WARNING: Received incorrect value 0. Expected 1.
Federate 1: ERROR: STP violation occurred in a trigger to reaction 2, and there is no handler.
**** Invoking reaction at the wrong tag!
Federate 1: ERROR: STP violation occurred in a trigger to reaction 1, and there is no handler.
**** Invoking reaction at the wrong tag!
Federate 1: WARNING: Received incorrect value 1. Expected 2.
Federate 1: ERROR: STP violation occurred in a trigger to reaction 2, and there is no handler.
**** Invoking reaction at the wrong tag!
Federate 1: ERROR: STP violation occurred in a trigger to reaction 1, and there is no handler.
**** Invoking reaction at the wrong tag!
Federate 1: WARNING: Received incorrect value 2. Expected 3.
Federate 1: ERROR: STP violation occurred in a trigger to reaction 2, and there is no handler.
**** Invoking reaction at the wrong tag!
Federate 1: ERROR: STP violation occurred in a trigger to reaction 1, and there is no handler.
**** Invoking reaction at the wrong tag!
Federate 1: WARNING: Received incorrect value 3. Expected 4.
Federate 1: ERROR: STP violation occurred in a trigger to reaction 2, and there is no handler.
**** Invoking reaction at the wrong tag!
Federate 1: ERROR: STP violation occurred in a trigger to reaction 1, and there is no handler.
**** Invoking reaction at the wrong tag!
Federate 1: WARNING: Received incorrect value 4. Expected 5.
Federate 1: ERROR: STP violation occurred in a trigger to reaction 2, and there is no handler.
**** Invoking reaction at the wrong tag!
Federate 1: ERROR: STP violation occurred in a trigger to reaction 1, and there is no handler.
**** Invoking reaction at the wrong tag!
Federate 1: WARNING: Received incorrect value 5. Expected 6.
Federate 1: ERROR: STP violation occurred in a trigger to reaction 2, and there is no handler.
**** Invoking reaction at the wrong tag!
Federate 1: ERROR: STP violation occurred in a trigger to reaction 1, and there is no handler.
**** Invoking reaction at the wrong tag!
Federate 1: WARNING: Received incorrect value 6. Expected 7.
Federate 1: ERROR: STP violation occurred in a trigger to reaction 2, and there is no handler.
**** Invoking reaction at the wrong tag!
Federate 1: ERROR: STP violation occurred in a trigger to reaction 1, and there is no handler.
**** Invoking reaction at the wrong tag!
Federate 1: WARNING: Received incorrect value 7. Expected 8.
Federate 1: ERROR: STP violation occurred in a trigger to reaction 2, and there is no handler.
**** Invoking reaction at the wrong tag!
Federate 1: ERROR: STP violation occurred in a trigger to reaction 1, and there is no handler.
**** Invoking reaction at the wrong tag!
Federate 1: WARNING: Received incorrect value 8. Expected 9.
Federate 1: ERROR: STP violation occurred in a trigger to reaction 2, and there is no handler.
**** Invoking reaction at the wrong tag!
Federate 1: ERROR: STP violation occurred in a trigger to reaction 1, and there is no handler.
**** Invoking reaction at the wrong tag!
Federate 1: WARNING: Received incorrect value 9. Expected 10.
