Federate 1: FATAL ERROR: Test failed. Breaks: 1, Messages: 19.
bin/DistributedLoopedPhysicalAction: line 18: kill: (474999) - No such process
bin/DistributedLoopedPhysicalAction: line 18: kill: (475000) - No such process
bin/DistributedLoopedPhysicalAction: line 20: kill: (474981) - No such process
