Federate 0: WARNING: Putting token 0x7f3d48001000 on the recycling bin, but it is already there!
Federate 0: WARNING: Putting token 0x7f3d48001000 on the recycling bin, but it is already there!
Federate 0: WARNING: Token being freed that has already been freed: 0x7f3d48001000
Federate 0: WARNING: Memory allocated for messages has not been freed.
Federate 0: WARNING: Number of unfreed messages: 2.
Federate 1: FATAL ERROR: Expected 11.
Federate 1: WARNING: ---- There are 2 unprocessed future events on the event queue.
Federate 1: WARNING: ---- The first future event has timestamp 214793816 after start time.
WARNING: RTI: Destination federate 1 is no longer connected. Dropping message.
WARNING: RTI: Destination federate 1 is no longer connected. Dropping message.
WARNING: RTI: Destination federate 1 is no longer connected. Dropping message.
WARNING: RTI: Destination federate 1 is no longer connected. Dropping message.
WARNING: RTI: Destination federate 1 is no longer connected. Dropping message.
WARNING: RTI: Destination federate 1 is no longer connected. Dropping message.
WARNING: RTI: Destination federate 1 is no longer connected. Dropping message.
bin/DistributedPhysicalActionUpstreamLong: line 18: kill: (2755414) - No such process
bin/DistributedPhysicalActionUpstreamLong: line 18: kill: (2755415) - No such process
bin/DistributedPhysicalActionUpstreamLong: line 18: kill: (2755416) - No such process
bin/DistributedPhysicalActionUpstreamLong: line 18: kill: (2755417) - No such process
bin/DistributedPhysicalActionUpstreamLong: line 18: kill: (2755418) - No such process
bin/DistributedPhysicalActionUpstreamLong: line 18: kill: (2755420) - No such process
bin/DistributedPhysicalActionUpstreamLong: line 18: kill: (2755422) - No such process
bin/DistributedPhysicalActionUpstreamLong: line 18: kill: (2755423) - No such process
bin/DistributedPhysicalActionUpstreamLong: line 18: kill: (2755425) - No such process
bin/DistributedPhysicalActionUpstreamLong: line 18: kill: (2755427) - No such process
bin/DistributedPhysicalActionUpstreamLong: line 18: kill: (2755428) - No such process
bin/DistributedPhysicalActionUpstreamLong: line 18: kill: (2755430) - No such process
bin/DistributedPhysicalActionUpstreamLong: line 20: kill: (2755403) - No such process
