Federate 0: WARNING: Putting token 0x7fba44000db0 on the recycling bin, but it is already there!
Federate 0: WARNING: Putting token 0x7fba44000db0 on the recycling bin, but it is already there!
Federate 0: WARNING: Putting token 0x7fba44000db0 on the recycling bin, but it is already there!
Federate 0: WARNING: Token being freed that has already been freed: 0x7fba44000db0
Federate 0: WARNING: Memory allocated for messages has not been freed.
Federate 0: WARNING: Number of unfreed messages: 2.
Federate 1: FATAL ERROR: Expected 2.
WARNING: RTI: Destination federate 1 is no longer connected. Dropping message.
Federate 1: WARNING: ---- There are 1 unprocessed future events on the event queue.
Federate 1: WARNING: ---- The first future event has timestamp 1042102 after start time.
WARNING: RTI: Destination federate 1 is no longer connected. Dropping message.
WARNING: RTI: Destination federate 1 is no longer connected. Dropping message.
WARNING: RTI: Destination federate 1 is no longer connected. Dropping message.
WARNING: RTI: Destination federate 1 is no longer connected. Dropping message.
WARNING: RTI: Destination federate 1 is no longer connected. Dropping message.
WARNING: RTI: Destination federate 1 is no longer connected. Dropping message.
WARNING: RTI: Destination federate 1 is no longer connected. Dropping message.
WARNING: RTI: Destination federate 1 is no longer connected. Dropping message.
WARNING: RTI: Destination federate 1 is no longer connected. Dropping message.
WARNING: RTI: Destination federate 1 is no longer connected. Dropping message.
WARNING: RTI: Destination federate 1 is no longer connected. Dropping message.
WARNING: RTI: Destination federate 1 is no longer connected. Dropping message.
WARNING: RTI: Destination federate 1 is no longer connected. Dropping message.
WARNING: RTI: Destination federate 1 is no longer connected. Dropping message.
WARNING: RTI: Destination federate 1 is no longer connected. Dropping message.
WARNING: RTI: Destination federate 1 is no longer connected. Dropping message.
bin/DistributedPhysicalActionUpstreamLong: line 18: kill: (2627264) - No such process
bin/DistributedPhysicalActionUpstreamLong: line 18: kill: (2627265) - No such process
bin/DistributedPhysicalActionUpstreamLong: line 18: kill: (2627266) - No such process
bin/DistributedPhysicalActionUpstreamLong: line 18: kill: (2627267) - No such process
bin/DistributedPhysicalActionUpstreamLong: line 18: kill: (2627268) - No such process
bin/DistributedPhysicalActionUpstreamLong: line 18: kill: (2627269) - No such process
bin/DistributedPhysicalActionUpstreamLong: line 18: kill: (2627271) - No such process
bin/DistributedPhysicalActionUpstreamLong: line 18: kill: (2627273) - No such process
bin/DistributedPhysicalActionUpstreamLong: line 18: kill: (2627276) - No such process
bin/DistributedPhysicalActionUpstreamLong: line 18: kill: (2627277) - No such process
bin/DistributedPhysicalActionUpstreamLong: line 18: kill: (2627281) - No such process
bin/DistributedPhysicalActionUpstreamLong: line 18: kill: (2627283) - No such process
bin/DistributedPhysicalActionUpstreamLong: line 20: kill: (2627253) - No such process
