Federate 1: FATAL ERROR: Test failed. Breaks: 1, Messages: 10.
bin/DistributedLoopedPhysicalAction: line 18: kill: (2753821) - No such process
bin/DistributedLoopedPhysicalAction: line 18: kill: (2753822) - No such process
bin/DistributedLoopedPhysicalAction: line 20: kill: (2753810) - No such process
