Federate 1: FATAL ERROR: Test failed. Breaks: 1, Messages: 17.
bin/DistributedLoopedPhysicalAction: line 18: kill: (2413049) - No such process
bin/DistributedLoopedPhysicalAction: line 18: kill: (2413050) - No such process
bin/DistributedLoopedPhysicalAction: line 20: kill: (2413047) - No such process
