Federate 1: WARNING: Attempt to update the last known status tag of network input port 0 to an earlier tag was ignored.
Federate 1: WARNING: Attempt to update the last known status tag of network input port 0 to an earlier tag was ignored.
Federate 1: WARNING: Attempt to update the last known status tag of network input port 0 to an earlier tag was ignored.
Federate 1: WARNING: Attempt to update the last known status tag of network input port 0 to an earlier tag was ignored.
Federate 1: WARNING: Attempt to update the last known status tag of network input port 0 to an earlier tag was ignored.
Federate 1: WARNING: Attempt to update the last known status tag of network input port 0 to an earlier tag was ignored.
Federate 1: WARNING: Attempt to update the last known status tag of network input port 0 to an earlier tag was ignored.
Federate 1: WARNING: Attempt to update the last known status tag of network input port 0 to an earlier tag was ignored.
Federate 1: WARNING: Attempt to update the last known status tag of network input port 0 to an earlier tag was ignored.
Federate 1: WARNING: Attempt to update the last known status tag of network input port 0 to an earlier tag was ignored.
Federate 1: WARNING: Attempt to update the last known status tag of network input port 0 to an earlier tag was ignored.
