Federate 1: FATAL ERROR: Test failed. Breaks: 1, Messages: 15.
bin/DistributedLoopedPhysicalAction: line 18: kill: (2631867) - No such process
bin/DistributedLoopedPhysicalAction: line 18: kill: (2631868) - No such process
bin/DistributedLoopedPhysicalAction: line 20: kill: (2631849) - No such process
