Federate 0: WARNING: Putting token 0x55913c04e1d0 on the recycling bin, but it is already there!
Federate 0: WARNING: Putting token 0x55913c04e1d0 on the recycling bin, but it is already there!
Federate 0: WARNING: Putting token 0x55913c04e1d0 on the recycling bin, but it is already there!
Federate 1: FATAL ERROR: Expected 3.
Federate 1: WARNING: ---- There are 1 unprocessed future events on the event queue.
Federate 1: WARNING: ---- The first future event has timestamp 115626487 after start time.
Federate 0: WARNING: Token being freed that has already been freed: 0x55913c04e1d0
Federate 0: WARNING: Putting token 0x7f9eb4000bf0 on the recycling bin, but it is already there!
Federate 0: WARNING: Token being freed that has already been freed: 0x55913c04e1d0
Federate 0: WARNING: Putting token 0x7f9eb4000bf0 on the recycling bin, but it is already there!
Federate 0: WARNING: Token being freed that has already been freed: 0x7f9eb4000bf0
Federate 0: WARNING: Memory allocated for messages has not been freed.
Federate 0: WARNING: Number of unfreed messages: 3.
WARNING: RTI: Destination federate 1 is no longer connected. Dropping message.
WARNING: RTI: Destination federate 1 is no longer connected. Dropping message.
WARNING: RTI: Destination federate 1 is no longer connected. Dropping message.
WARNING: RTI: Destination federate 1 is no longer connected. Dropping message.
WARNING: RTI: Destination federate 1 is no longer connected. Dropping message.
WARNING: RTI: Destination federate 1 is no longer connected. Dropping message.
WARNING: RTI: Destination federate 1 is no longer connected. Dropping message.
WARNING: RTI: Destination federate 1 is no longer connected. Dropping message.
WARNING: RTI: Destination federate 1 is no longer connected. Dropping message.
WARNING: RTI: Destination federate 1 is no longer connected. Dropping message.
WARNING: RTI: Destination federate 1 is no longer connected. Dropping message.
WARNING: RTI: Destination federate 1 is no longer connected. Dropping message.
WARNING: RTI: Destination federate 1 is no longer connected. Dropping message.
WARNING: RTI: Destination federate 1 is no longer connected. Dropping message.
WARNING: RTI: Destination federate 1 is no longer connected. Dropping message.
WARNING: RTI: Destination federate 1 is no longer connected. Dropping message.
bin/DistributedPhysicalActionUpstreamLong: line 18: kill: (2461307) - No such process
bin/DistributedPhysicalActionUpstreamLong: line 18: kill: (2461308) - No such process
bin/DistributedPhysicalActionUpstreamLong: line 18: kill: (2461309) - No such process
bin/DistributedPhysicalActionUpstreamLong: line 18: kill: (2461310) - No such process
bin/DistributedPhysicalActionUpstreamLong: line 18: kill: (2461311) - No such process
bin/DistributedPhysicalActionUpstreamLong: line 18: kill: (2461312) - No such process
bin/DistributedPhysicalActionUpstreamLong: line 18: kill: (2461314) - No such process
bin/DistributedPhysicalActionUpstreamLong: line 18: kill: (2461316) - No such process
bin/DistributedPhysicalActionUpstreamLong: line 18: kill: (2461318) - No such process
bin/DistributedPhysicalActionUpstreamLong: line 18: kill: (2461320) - No such process
bin/DistributedPhysicalActionUpstreamLong: line 18: kill: (2461323) - No such process
bin/DistributedPhysicalActionUpstreamLong: line 18: kill: (2461326) - No such process
bin/DistributedPhysicalActionUpstreamLong: line 20: kill: (2461296) - No such process
