Federate 1: FATAL ERROR: Test failed. Breaks: 1, Messages: 10.
bin/DistributedLoopedPhysicalAction: line 18: kill: (2647845) - No such process
bin/DistributedLoopedPhysicalAction: line 18: kill: (2647846) - No such process
bin/DistributedLoopedPhysicalAction: line 20: kill: (2647843) - No such process
