Federate 1: FATAL ERROR: Test failed. Breaks: 1, Messages: 10.
bin/DistributedLoopedPhysicalAction: line 18: kill: (2750537) - No such process
bin/DistributedLoopedPhysicalAction: line 18: kill: (2750538) - No such process
bin/DistributedLoopedPhysicalAction: line 20: kill: (2750519) - No such process
