Federate 1: FATAL ERROR: Test failed. Breaks: 1, Messages: 11.
bin/DistributedLoopedPhysicalAction: line 18: kill: (2635620) - No such process
bin/DistributedLoopedPhysicalAction: line 18: kill: (2635621) - No such process
bin/DistributedLoopedPhysicalAction: line 20: kill: (2635618) - No such process
