Federate 1: ERROR: STP violation occurred in a trigger to reaction 1, and there is no handler.
**** Invoking reaction at the wrong tag!
Federate 1: FATAL ERROR: Test failed. Breaks: 1, Messages: 10.
bin/DistributedLoopedPhysicalActionDecentralized: line 18: kill: (2649521) - No such process
bin/DistributedLoopedPhysicalActionDecentralized: line 18: kill: (2649522) - No such process
bin/DistributedLoopedPhysicalActionDecentralized: line 20: kill: (2649511) - No such process
